time: 2020-07-29 22:01:47.80921 +0800 CST m=+0.001671336, args: [1]
time: 2020-07-29 22:01:47.960054 +0800 CST m=+0.001077701, args: [12]
time: 2020-07-29 22:01:48.060045 +0800 CST m=+0.000976007, args: [123]
time: 2020-07-29 22:01:51.679179 +0800 CST m=+0.000955637, args: [1231]
time: 2020-07-29 22:01:51.881739 +0800 CST m=+0.001088087, args: [12311]
time: 2020-07-29 22:01:52.060192 +0800 CST m=+0.001057116, args: [123111]
time: 2020-07-29 22:01:52.207051 +0800 CST m=+0.001127426, args: [1231111]
time: 2020-07-29 22:01:52.354469 +0800 CST m=+0.001068644, args: [12311111]
time: 2020-07-29 22:01:52.509587 +0800 CST m=+0.001223046, args: [123111111]
time: 2020-07-29 22:01:52.923876 +0800 CST m=+0.000910505, args: [123111111]
time: 2020-07-29 22:01:53.450283 +0800 CST m=+0.001183393, args: [123111111 1]
time: 2020-07-29 22:01:53.850304 +0800 CST m=+0.001071504, args: [123111111 12]
time: 2020-07-29 22:01:54.01886 +0800 CST m=+0.001114115, args: [123111111 122]
time: 2020-07-29 22:01:54.211833 +0800 CST m=+0.000949389, args: [123111111 1222]
time: 2020-07-29 22:01:54.365266 +0800 CST m=+0.001057228, args: [123111111 12222]
time: 2020-07-29 22:01:54.520718 +0800 CST m=+0.002085147, args: [123111111 122222]
time: 2020-07-29 22:01:55.252168 +0800 CST m=+0.000944524, args: [123111111 12222]
time: 2020-07-29 22:01:55.501582 +0800 CST m=+0.001007702, args: [123111111 1222]
time: 2020-07-29 22:01:55.534881 +0800 CST m=+0.000920997, args: [123111111 122]
time: 2020-07-29 22:01:55.57345 +0800 CST m=+0.001160165, args: [123111111 12]
time: 2020-07-29 22:01:55.605234 +0800 CST m=+0.000951041, args: [123111111 1]
time: 2020-07-29 22:01:55.637202 +0800 CST m=+0.000961076, args: [123111111]
time: 2020-07-29 22:01:55.673256 +0800 CST m=+0.001083533, args: [123111111]
time: 2020-07-29 22:01:55.707704 +0800 CST m=+0.001053264, args: [12311111]
time: 2020-07-29 22:01:55.733467 +0800 CST m=+0.000904781, args: [1231111]
time: 2020-07-29 22:01:55.767161 +0800 CST m=+0.000796248, args: [123111]
time: 2020-07-29 22:01:55.801417 +0800 CST m=+0.000858008, args: [12311]
time: 2020-07-29 22:01:55.83783 +0800 CST m=+0.001088975, args: [1231]
time: 2020-07-29 22:01:55.867888 +0800 CST m=+0.000979475, args: [123]
time: 2020-07-29 22:01:55.900638 +0800 CST m=+0.000894488, args: [12]
time: 2020-07-29 22:01:55.932851 +0800 CST m=+0.000846014, args: [1]
time: 2020-07-29 22:02:40.711838 +0800 CST m=+0.001866853, args: [1]
time: 2020-07-29 22:02:40.829574 +0800 CST m=+0.000973735, args: [12]
time: 2020-07-29 22:02:40.931699 +0800 CST m=+0.000956014, args: [123]
time: 2020-07-29 22:02:42.419622 +0800 CST m=+0.001011109, args: [1234]
time: 2020-07-29 22:02:54.327762 +0800 CST m=+0.001453345, args: [1234]
time: 2020-07-29 22:02:57.00305 +0800 CST m=+0.001101091, args: [h]
time: 2020-07-29 22:02:57.10689 +0800 CST m=+0.001088064, args: [he]
time: 2020-07-29 22:02:57.243882 +0800 CST m=+0.001056384, args: [hel]
time: 2020-07-29 22:02:57.375982 +0800 CST m=+0.001132827, args: [hell]
time: 2020-07-29 22:02:57.532934 +0800 CST m=+0.001069067, args: [hello]
time: 2020-07-29 22:02:57.891816 +0800 CST m=+0.001057314, args: [hello]
time: 2020-07-29 22:03:13.444567 +0800 CST m=+0.002191658, args: [hello]
time: 2020-07-29 22:12:11.991863 +0800 CST m=+0.003934438, args: [1]
time: 2020-07-29 22:12:12.110999 +0800 CST m=+0.001178817, args: [12]
time: 2020-07-29 22:12:12.198123 +0800 CST m=+0.001001506, args: [123]
time: 2020-07-29 22:12:13.395119 +0800 CST m=+0.001018081, args: [1234]
time: 2020-07-29 22:12:13.633583 +0800 CST m=+0.000938525, args: [12345]
time: 2020-07-29 22:12:13.831313 +0800 CST m=+0.001297248, args: [123455]
time: 2020-07-29 22:12:14.214657 +0800 CST m=+0.001042320, args: [1234556]
time: 2020-07-29 22:12:14.498707 +0800 CST m=+0.001314449, args: [12345567]
time: 2020-07-29 22:12:14.770433 +0800 CST m=+0.000854140, args: [123455678]
time: 2020-07-29 22:12:15.000105 +0800 CST m=+0.001050154, args: [1234556789]
time: 2020-07-29 22:12:15.187062 +0800 CST m=+0.001117634, args: [12345567890]
time: 2020-07-29 22:12:26.380921 +0800 CST m=+0.001424570, args: [12345567890]
time: 2020-07-29 22:12:28.723055 +0800 CST m=+0.001215699, args: [1]
time: 2020-07-29 22:12:28.826536 +0800 CST m=+0.001180647, args: [12]
time: 2020-07-29 22:12:28.938574 +0800 CST m=+0.000919996, args: [123]
time: 2020-07-29 22:12:37.122222 +0800 CST m=+0.001081332, args: [123]
time: 2020-07-29 22:12:39.557261 +0800 CST m=+0.001088560, args: [1]
time: 2020-07-29 22:12:39.709716 +0800 CST m=+0.000880519, args: [12]
time: 2020-07-29 22:12:39.793421 +0800 CST m=+0.000964612, args: [123]
time: 2020-07-29 22:12:46.007485 +0800 CST m=+0.001112893, args: [1234]
time: 2020-07-29 22:12:46.609649 +0800 CST m=+0.001060586, args: [12345]
time: 2020-07-29 22:12:47.818242 +0800 CST m=+0.001560499, args: [123456]
time: 2020-07-29 22:12:48.287315 +0800 CST m=+0.001027045, args: [1234567]
time: 2020-07-29 22:12:48.678874 +0800 CST m=+0.001015836, args: [12345678]
time: 2020-07-29 22:12:48.847151 +0800 CST m=+0.000886096, args: [123456788]
time: 2020-07-29 22:12:49.043995 +0800 CST m=+0.001752958, args: [1234567888]
time: 2020-07-29 22:12:49.223638 +0800 CST m=+0.000977104, args: [12345678888]
time: 2020-07-29 22:15:01.358065 +0800 CST m=+0.002072399, args: [12345678888]
time: 2020-07-29 22:15:03.752662 +0800 CST m=+0.001102750, args: [1]
time: 2020-07-29 22:15:03.876252 +0800 CST m=+0.000860660, args: [12]
time: 2020-07-29 22:15:03.991337 +0800 CST m=+0.000981882, args: [123]
time: 2020-07-29 22:15:06.431387 +0800 CST m=+0.000996072, args: [1234]
time: 2020-07-29 22:15:06.64388 +0800 CST m=+0.001060604, args: [12345]
time: 2020-07-29 22:15:06.953196 +0800 CST m=+0.000982921, args: [123456]
